Archive member included to satisfy reference by file (symbol)

c:/program files/microchip/xc8/v2.36/avr/bin/../lib/gcc/avr/5.4.0/../../../../avr/lib/avr5/memx-const\libc.a(exit.o)
                              C:/Program Files/Microchip/MPLABX/v6.10/packs/Microchip/ATmega_DFP/3.0.158/xc8/avr/lib/avr5/memx-const/crtatmega328pb.o (exit)
c:/program files/microchip/xc8/v2.36/avr/bin/../lib/gcc/avr/5.4.0/../../../../avr/lib/avr5/memx-const\libc.a(_Exit.o)
                              c:/program files/microchip/xc8/v2.36/avr/bin/../lib/gcc/avr/5.4.0/../../../../avr/lib/avr5/memx-const\libc.a(exit.o) (_Exit)
c:/program files/microchip/xc8/v2.36/avr/bin/../lib/gcc/avr/5.4.0/avr5/memx-const\libgcc.a(_exit.o)
                              c:/program files/microchip/xc8/v2.36/avr/bin/../lib/gcc/avr/5.4.0/../../../../avr/lib/avr5/memx-const\libc.a(_Exit.o) (_exit)

Discarded input sections

 .data          0x0000000000000000        0x0 C:/Program Files/Microchip/MPLABX/v6.10/packs/Microchip/ATmega_DFP/3.0.158/xc8/avr/lib/avr5/memx-const/crtatmega328pb.o
 .bss           0x0000000000000000        0x0 C:/Program Files/Microchip/MPLABX/v6.10/packs/Microchip/ATmega_DFP/3.0.158/xc8/avr/lib/avr5/memx-const/crtatmega328pb.o
 .text          0x0000000000000000        0x0 build/default/debug/setup_TWI.o
 .data          0x0000000000000000        0x0 build/default/debug/setup_TWI.o
 .bss           0x0000000000000000        0x0 build/default/debug/setup_TWI.o
 .text.twi_readAck
                0x0000000000000000       0x16 build/default/debug/setup_TWI.o
 .text          0x0000000000000000        0x0 build/default/debug/setup_LCD_PEX.o
 .data          0x0000000000000000        0x0 build/default/debug/setup_LCD_PEX.o
 .bss           0x0000000000000000        0x0 build/default/debug/setup_LCD_PEX.o
 .text.write_2_nibbles
                0x0000000000000000       0x8e build/default/debug/setup_LCD_PEX.o
 .text.lcd_command
                0x0000000000000000       0x2a build/default/debug/setup_LCD_PEX.o
 .text.lcd_clear_display
                0x0000000000000000       0x14 build/default/debug/setup_LCD_PEX.o
 .text.lcd_init
                0x0000000000000000      0x11a build/default/debug/setup_LCD_PEX.o
 .text.lcd_data
                0x0000000000000000       0x2a build/default/debug/setup_LCD_PEX.o
 .debug_info    0x0000000000000000      0xb9c build/default/debug/setup_LCD_PEX.o
 .debug_abbrev  0x0000000000000000      0x17b build/default/debug/setup_LCD_PEX.o
 .debug_loc     0x0000000000000000      0x6b2 build/default/debug/setup_LCD_PEX.o
 .debug_aranges
                0x0000000000000000       0x40 build/default/debug/setup_LCD_PEX.o
 .debug_ranges  0x0000000000000000       0x30 build/default/debug/setup_LCD_PEX.o
 .debug_line    0x0000000000000000      0x2e1 build/default/debug/setup_LCD_PEX.o
 .debug_str     0x0000000000000000       0x4b build/default/debug/setup_LCD_PEX.o
 .comment       0x0000000000000000       0x30 build/default/debug/setup_LCD_PEX.o
 .debug_frame   0x0000000000000000       0x80 build/default/debug/setup_LCD_PEX.o
 .text          0x0000000000000000        0x0 build/default/debug/5_2.o
 .data          0x0000000000000000        0x0 build/default/debug/5_2.o
 .bss           0x0000000000000000        0x0 build/default/debug/5_2.o
 .text.setup    0x0000000000000000        0x6 build/default/debug/5_2.o
 .text          0x0000000000000000        0x0 c:/program files/microchip/xc8/v2.36/avr/bin/../lib/gcc/avr/5.4.0/../../../../avr/lib/avr5/memx-const\libc.a(exit.o)
 .data          0x0000000000000000        0x0 c:/program files/microchip/xc8/v2.36/avr/bin/../lib/gcc/avr/5.4.0/../../../../avr/lib/avr5/memx-const\libc.a(exit.o)
 .bss           0x0000000000000000        0x0 c:/program files/microchip/xc8/v2.36/avr/bin/../lib/gcc/avr/5.4.0/../../../../avr/lib/avr5/memx-const\libc.a(exit.o)
 .text          0x0000000000000000        0x0 c:/program files/microchip/xc8/v2.36/avr/bin/../lib/gcc/avr/5.4.0/../../../../avr/lib/avr5/memx-const\libc.a(_Exit.o)
 .data          0x0000000000000000        0x0 c:/program files/microchip/xc8/v2.36/avr/bin/../lib/gcc/avr/5.4.0/../../../../avr/lib/avr5/memx-const\libc.a(_Exit.o)
 .bss           0x0000000000000000        0x0 c:/program files/microchip/xc8/v2.36/avr/bin/../lib/gcc/avr/5.4.0/../../../../avr/lib/avr5/memx-const\libc.a(_Exit.o)
 .text          0x0000000000000000        0x0 c:/program files/microchip/xc8/v2.36/avr/bin/../lib/gcc/avr/5.4.0/avr5/memx-const\libgcc.a(_exit.o)
 .data          0x0000000000000000        0x0 c:/program files/microchip/xc8/v2.36/avr/bin/../lib/gcc/avr/5.4.0/avr5/memx-const\libgcc.a(_exit.o)
 .bss           0x0000000000000000        0x0 c:/program files/microchip/xc8/v2.36/avr/bin/../lib/gcc/avr/5.4.0/avr5/memx-const\libgcc.a(_exit.o)
 .text.libgcc.mul
                0x0000000000000000        0x0 c:/program files/microchip/xc8/v2.36/avr/bin/../lib/gcc/avr/5.4.0/avr5/memx-const\libgcc.a(_exit.o)
 .text.libgcc.div
                0x0000000000000000        0x0 c:/program files/microchip/xc8/v2.36/avr/bin/../lib/gcc/avr/5.4.0/avr5/memx-const\libgcc.a(_exit.o)
 .text.libgcc   0x0000000000000000        0x0 c:/program files/microchip/xc8/v2.36/avr/bin/../lib/gcc/avr/5.4.0/avr5/memx-const\libgcc.a(_exit.o)
 .text.libgcc.prologue
                0x0000000000000000        0x0 c:/program files/microchip/xc8/v2.36/avr/bin/../lib/gcc/avr/5.4.0/avr5/memx-const\libgcc.a(_exit.o)
 .stack.descriptors
                0x0000000000000000       0x13 c:/program files/microchip/xc8/v2.36/avr/bin/../lib/gcc/avr/5.4.0/avr5/memx-const\libgcc.a(_exit.o)
 .text.libgcc.builtins
                0x0000000000000000        0x0 c:/program files/microchip/xc8/v2.36/avr/bin/../lib/gcc/avr/5.4.0/avr5/memx-const\libgcc.a(_exit.o)
 .text.libgcc.fmul
                0x0000000000000000        0x0 c:/program files/microchip/xc8/v2.36/avr/bin/../lib/gcc/avr/5.4.0/avr5/memx-const\libgcc.a(_exit.o)
 .text.libgcc.fixed
                0x0000000000000000        0x0 c:/program files/microchip/xc8/v2.36/avr/bin/../lib/gcc/avr/5.4.0/avr5/memx-const\libgcc.a(_exit.o)

Memory Configuration

Name             Origin             Length             Attributes
text             0x0000000000000000 0x0000000000008000 xr
data             0x0000000000800100 0x0000000000000800 rw !x
eeprom           0x0000000000810000 0x0000000000000400 rw !x
fuse             0x0000000000820000 0x0000000000000003 rw !x
lock             0x0000000000830000 0x0000000000000400 rw !x
signature        0x0000000000840000 0x0000000000000400 rw !x
user_signatures  0x0000000000850000 0x0000000000000400 rw !x
*default*        0x0000000000000000 0xffffffffffffffff

Linker script and memory map

Address of section .data set to 0x800100
LOAD C:/Program Files/Microchip/MPLABX/v6.10/packs/Microchip/ATmega_DFP/3.0.158/xc8/avr/lib/avr5/memx-const/crtatmega328pb.o
                0x0000000000000001                __MPLAB_BUILD = 0x1
LOAD build/default/debug/setup_TWI.o
LOAD build/default/debug/setup_LCD_PEX.o
LOAD build/default/debug/5_2.o
START GROUP
LOAD c:/program files/microchip/xc8/v2.36/avr/bin/../lib/gcc/avr/5.4.0/../../../../avr/lib/avr5/memx-const\libm.a
END GROUP
                0x0000000000000001                __MPLAB_DEBUG = 0x1
                0x0000000000000001                __DEBUG = 0x1
START GROUP
LOAD c:/program files/microchip/xc8/v2.36/avr/bin/../lib/gcc/avr/5.4.0/avr5/memx-const\libgcc.a
LOAD c:/program files/microchip/xc8/v2.36/avr/bin/../lib/gcc/avr/5.4.0/../../../../avr/lib/avr5/memx-const\libm.a
LOAD c:/program files/microchip/xc8/v2.36/avr/bin/../lib/gcc/avr/5.4.0/../../../../avr/lib/avr5/memx-const\libc.a
LOAD C:/Program Files/Microchip/MPLABX/v6.10/packs/Microchip/ATmega_DFP/3.0.158/xc8/avr/lib/avr5/memx-const\libatmega328pb.a
END GROUP
                [0x0000000000000000]                __TEXT_REGION_ORIGIN__ = DEFINED (__TEXT_REGION_ORIGIN__)?__TEXT_REGION_ORIGIN__:0x0
                [0x0000000000800100]                __DATA_REGION_ORIGIN__ = DEFINED (__DATA_REGION_ORIGIN__)?__DATA_REGION_ORIGIN__:0x800060
                [0x0000000000008000]                __TEXT_REGION_LENGTH__ = DEFINED (__TEXT_REGION_LENGTH__)?__TEXT_REGION_LENGTH__:0x20000
                [0x0000000000000800]                __DATA_REGION_LENGTH__ = DEFINED (__DATA_REGION_LENGTH__)?__DATA_REGION_LENGTH__:0xffa0
                [0x0000000000000400]                __EEPROM_REGION_LENGTH__ = DEFINED (__EEPROM_REGION_LENGTH__)?__EEPROM_REGION_LENGTH__:0x10000
                [0x0000000000000003]                __FUSE_REGION_LENGTH__ = DEFINED (__FUSE_REGION_LENGTH__)?__FUSE_REGION_LENGTH__:0x400
                0x0000000000000400                __LOCK_REGION_LENGTH__ = DEFINED (__LOCK_REGION_LENGTH__)?__LOCK_REGION_LENGTH__:0x400
                0x0000000000000400                __SIGNATURE_REGION_LENGTH__ = DEFINED (__SIGNATURE_REGION_LENGTH__)?__SIGNATURE_REGION_LENGTH__:0x400
                0x0000000000000400                __USER_SIGNATURE_REGION_LENGTH__ = DEFINED (__USER_SIGNATURE_REGION_LENGTH__)?__USER_SIGNATURE_REGION_LENGTH__:0x400

.hash
 *(.hash)

.dynsym
 *(.dynsym)

.dynstr
 *(.dynstr)

.gnu.version
 *(.gnu.version)

.gnu.version_d
 *(.gnu.version_d)

.gnu.version_r
 *(.gnu.version_r)

.rel.init
 *(.rel.init)

.rela.init
 *(.rela.init)

.rel.text
 *(.rel.text)
 *(.rel.text.*)
 *(.rel.gnu.linkonce.t*)

.rela.text
 *(.rela.text)
 *(.rela.text.*)
 *(.rela.gnu.linkonce.t*)

.rel.fini
 *(.rel.fini)

.rela.fini
 *(.rela.fini)

.rel.rodata
 *(.rel.rodata)
 *(.rel.rodata.*)
 *(.rel.gnu.linkonce.r*)

.rela.rodata
 *(.rela.rodata)
 *(.rela.rodata.*)
 *(.rela.gnu.linkonce.r*)

.rel.data
 *(.rel.data)
 *(.rel.data.*)
 *(.rel.gnu.linkonce.d*)

.rela.data
 *(.rela.data)
 *(.rela.data.*)
 *(.rela.gnu.linkonce.d*)

.rel.ctors
 *(.rel.ctors)

.rela.ctors
 *(.rela.ctors)

.rel.dtors
 *(.rel.dtors)

.rela.dtors
 *(.rela.dtors)

.rel.got
 *(.rel.got)

.rela.got
 *(.rela.got)

.rel.bss
 *(.rel.bss)

.rela.bss
 *(.rela.bss)

.rel.plt
 *(.rel.plt)

.rela.plt
 *(.rela.plt)

.text           0x0000000000000000       0xcc
 *(.vectors)
 .vectors       0x0000000000000000       0xb4 C:/Program Files/Microchip/MPLABX/v6.10/packs/Microchip/ATmega_DFP/3.0.158/xc8/avr/lib/avr5/memx-const/crtatmega328pb.o
                0x0000000000000000                __vector_default
                0x0000000000000000                __vectors
 *(.vectors)
 *(.progmem.gcc*)
 *(.dinit)
 .dinit         0x00000000000000b4        0x0 data_init
                0x00000000000000b4                . = ALIGN (0x2)
                0x00000000000000b4                __trampolines_start = .
 *(.trampolines)
 .trampolines   0x00000000000000b4        0x0 linker stubs
 *(.trampolines*)
                0x00000000000000b4                __trampolines_end = .
 *libprintf_flt.a:*(.progmem.data)
 *libc.a:*(.progmem.data)
                0x00000000000000b4                . = ALIGN (0x2)
 *(.jumptables)
 *(.jumptables*)
 *(.lowtext)
 *(.lowtext*)
                0x00000000000000b4                __ctors_start = .
 *(.ctors)
                0x00000000000000b4                __ctors_end = .
                0x00000000000000b4                __dtors_start = .
 *(.dtors)
                0x00000000000000b4                __dtors_end = .
 SORT(*)(.ctors)
 SORT(*)(.dtors)
 *(.init0)
 .init0         0x00000000000000b4        0x0 C:/Program Files/Microchip/MPLABX/v6.10/packs/Microchip/ATmega_DFP/3.0.158/xc8/avr/lib/avr5/memx-const/crtatmega328pb.o
                0x00000000000000b4                __init
 *(.init0)
 *(.init1)
 *(.init1)
 *(.init2)
 .init2         0x00000000000000b4        0xc C:/Program Files/Microchip/MPLABX/v6.10/packs/Microchip/ATmega_DFP/3.0.158/xc8/avr/lib/avr5/memx-const/crtatmega328pb.o
 *(.init2)
 *(.init3)
 *(.init3)
 *(.init4)
 *(.init4)
 *(.init5)
 *(.init5)
 *(.init6)
 *(.init6)
 *(.init7)
 *(.init7)
 *(.init8)
 *(.init8)
 *(.init9)
 .init9         0x00000000000000c0        0x8 C:/Program Files/Microchip/MPLABX/v6.10/packs/Microchip/ATmega_DFP/3.0.158/xc8/avr/lib/avr5/memx-const/crtatmega328pb.o
 *(.init9)
                0x00000000000000c8                . = ALIGN (0x2)
 *(.fini9)
 .fini9         0x00000000000000c8        0x0 c:/program files/microchip/xc8/v2.36/avr/bin/../lib/gcc/avr/5.4.0/avr5/memx-const\libgcc.a(_exit.o)
                0x00000000000000c8                _exit
 *(.fini9)
 *(.fini8)
 *(.fini8)
 *(.fini7)
 *(.fini7)
 *(.fini6)
 *(.fini6)
 *(.fini5)
 *(.fini5)
 *(.fini4)
 *(.fini4)
 *(.fini3)
 *(.fini3)
 *(.fini2)
 *(.fini2)
 *(.fini1)
 *(.fini1)
 *(.fini0)
 .fini0         0x00000000000000c8        0x4 c:/program files/microchip/xc8/v2.36/avr/bin/../lib/gcc/avr/5.4.0/avr5/memx-const\libgcc.a(_exit.o)
 *(.fini0)
                0x00000000000000cc                _etext = .

.data           0x0000000000800100        0x0 load address 0x00000000000000cc
                [!provide]                        PROVIDE (__data_start, .)
 *(.gnu.linkonce.d*)
 *(.gnu.linkonce.r*)
                0x0000000000800100                . = ALIGN (0x2)
                0x0000000000800100                _edata = .
                [!provide]                        PROVIDE (__data_end, .)

.bss            0x0000000000800100        0x0
                [!provide]                        PROVIDE (__bss_start, .)
 *(COMMON)
                [!provide]                        PROVIDE (__bss_end, .)
                0x00000000000000cc                __data_load_start = LOADADDR (.data)
                0x00000000000000cc                __data_load_end = (__data_load_start + SIZEOF (.data))

.noinit         0x0000000000800100        0x0
                [!provide]                        PROVIDE (__noinit_start, .)
 *(.noinit*)
                [!provide]                        PROVIDE (__noinit_end, .)
                0x0000000000800100                _end = .

.eeprom         0x0000000000810000        0x0
 *(.eeprom*)
                0x0000000000810000                __eeprom_end = .

.fuse
 *(.fuse)
 *(.lfuse)
 *(.hfuse)
 *(.efuse)

.lock
 *(.lock*)

.signature
 *(.signature*)

.user_signatures
 *(.user_signatures*)

.stab
 *(.stab)

.stabstr
 *(.stabstr)

.stab.excl
 *(.stab.excl)

.stab.exclstr
 *(.stab.exclstr)

.stab.index
 *(.stab.index)

.stab.indexstr
 *(.stab.indexstr)

.comment        0x0000000000000000       0x2f
 *(.comment)
 .comment       0x0000000000000000       0x2f build/default/debug/setup_TWI.o
                                         0x30 (size before relaxing)
 .comment       0x000000000000002f       0x30 build/default/debug/5_2.o
 .comment       0x000000000000002f       0x30 c:/program files/microchip/xc8/v2.36/avr/bin/../lib/gcc/avr/5.4.0/../../../../avr/lib/avr5/memx-const\libc.a(exit.o)
 .comment       0x000000000000002f       0x30 c:/program files/microchip/xc8/v2.36/avr/bin/../lib/gcc/avr/5.4.0/../../../../avr/lib/avr5/memx-const\libc.a(_Exit.o)

.note.GNU-stack
                0x0000000000000000        0x0
 .note.GNU-stack
                0x0000000000000000        0x0 c:/program files/microchip/xc8/v2.36/avr/bin/../lib/gcc/avr/5.4.0/../../../../avr/lib/avr5/memx-const\libc.a(exit.o)
 .note.GNU-stack
                0x0000000000000000        0x0 c:/program files/microchip/xc8/v2.36/avr/bin/../lib/gcc/avr/5.4.0/../../../../avr/lib/avr5/memx-const\libc.a(_Exit.o)

.stack.descriptors.hdr
                0x0000000000000000        0xe
 .stack.descriptors.hdr
                0x0000000000000000        0xe c:/program files/microchip/xc8/v2.36/avr/bin/../lib/gcc/avr/5.4.0/avr5/memx-const\libgcc.a(_exit.o)

.note.gnu.build-id
 *(.note.gnu.build-id)

.debug
 *(.debug)

.line
 *(.line)

.debug_srcinfo
 *(.debug_srcinfo)

.debug_sfnames
 *(.debug_sfnames)

.debug_aranges  0x0000000000000000       0x90
 *(.debug_aranges)
 .debug_aranges
                0x0000000000000000       0x68 build/default/debug/setup_TWI.o
 .debug_aranges
                0x0000000000000068       0x28 build/default/debug/5_2.o

.debug_pubnames
 *(.debug_pubnames)

.debug_info     0x0000000000000000     0x12b5
 *(.debug_info .gnu.linkonce.wi.*)
 .debug_info    0x0000000000000000      0x8ea C:/Program Files/Microchip/MPLABX/v6.10/packs/Microchip/ATmega_DFP/3.0.158/xc8/avr/lib/avr5/memx-const/crtatmega328pb.o
 .debug_info    0x00000000000008ea      0x5ca build/default/debug/setup_TWI.o
 .debug_info    0x0000000000000eb4      0x401 build/default/debug/5_2.o

.debug_abbrev   0x0000000000000000      0xa93
 *(.debug_abbrev)
 .debug_abbrev  0x0000000000000000      0x86e C:/Program Files/Microchip/MPLABX/v6.10/packs/Microchip/ATmega_DFP/3.0.158/xc8/avr/lib/avr5/memx-const/crtatmega328pb.o
 .debug_abbrev  0x000000000000086e      0x142 build/default/debug/setup_TWI.o
 .debug_abbrev  0x00000000000009b0       0xe3 build/default/debug/5_2.o

.debug_line     0x0000000000000000      0x596
 *(.debug_line .debug_line.* .debug_line_end)
 .debug_line    0x0000000000000000      0x1a9 C:/Program Files/Microchip/MPLABX/v6.10/packs/Microchip/ATmega_DFP/3.0.158/xc8/avr/lib/avr5/memx-const/crtatmega328pb.o
 .debug_line    0x00000000000001a9      0x311 build/default/debug/setup_TWI.o
 .debug_line    0x00000000000004ba       0xdc build/default/debug/5_2.o

.debug_frame    0x0000000000000000      0x108
 *(.debug_frame)
 .debug_frame   0x0000000000000000       0xd4 build/default/debug/setup_TWI.o
 .debug_frame   0x00000000000000d4       0x34 build/default/debug/5_2.o

.debug_str      0x0000000000000000      0x353
 *(.debug_str)
 .debug_str     0x0000000000000000      0x318 C:/Program Files/Microchip/MPLABX/v6.10/packs/Microchip/ATmega_DFP/3.0.158/xc8/avr/lib/avr5/memx-const/crtatmega328pb.o
 .debug_str     0x0000000000000318       0x13 build/default/debug/setup_TWI.o
 .debug_str     0x000000000000032b       0x28 build/default/debug/5_2.o

.debug_loc      0x0000000000000000      0x1b9
 *(.debug_loc)
 .debug_loc     0x0000000000000000      0x188 build/default/debug/setup_TWI.o
 .debug_loc     0x0000000000000188       0x31 build/default/debug/5_2.o

.debug_macinfo
 *(.debug_macinfo)

.debug_weaknames
 *(.debug_weaknames)

.debug_funcnames
 *(.debug_funcnames)

.debug_typenames
 *(.debug_typenames)

.debug_varnames
 *(.debug_varnames)

.debug_pubtypes
 *(.debug_pubtypes)

.debug_ranges   0x0000000000000000       0x70
 *(.debug_ranges)
 .debug_ranges  0x0000000000000000       0x58 build/default/debug/setup_TWI.o
 .debug_ranges  0x0000000000000058       0x18 build/default/debug/5_2.o

.debug_macro
 *(.debug_macro)
OUTPUT(dist/default/debug/week_5.X.debug.elf elf32-avr)
LOAD linker stubs
LOAD data_init

.note.gnu.avr.deviceinfo
                0x0000000000000000       0x40
 .note.gnu.avr.deviceinfo
                0x0000000000000000       0x40 C:/Program Files/Microchip/MPLABX/v6.10/packs/Microchip/ATmega_DFP/3.0.158/xc8/avr/lib/avr5/memx-const/crtatmega328pb.o

.text.twi_start_wait
                0x00000000000000cc       0x50
 .text.twi_start_wait
                0x00000000000000cc       0x50 build/default/debug/setup_TWI.o
                0x00000000000000cc                twi_start_wait

.text.twi_start
                0x000000000000011c       0x4e
 .text.twi_start
                0x000000000000011c       0x4e build/default/debug/setup_TWI.o
                0x000000000000011c                twi_start

.text.main      0x000000000000016a       0x36
 .text.main     0x000000000000016a       0x36 build/default/debug/5_2.o
                0x000000000000016a                main

.text.PCA9555_0_read
                0x00000000000001a0       0x26
 .text.PCA9555_0_read
                0x00000000000001a0       0x26 build/default/debug/setup_TWI.o
                0x00000000000001a0                PCA9555_0_read

.text.twi_write
                0x00000000000001c6       0x24
 .text.twi_write
                0x00000000000001c6       0x24 build/default/debug/setup_TWI.o
                0x00000000000001c6                twi_write

.text.PCA9555_0_write
                0x00000000000001ea       0x24
 .text.PCA9555_0_write
                0x00000000000001ea       0x24 build/default/debug/setup_TWI.o
                0x00000000000001ea                PCA9555_0_write

.text.twi_readNak
                0x000000000000020e       0x16
 .text.twi_readNak
                0x000000000000020e       0x16 build/default/debug/setup_TWI.o
                0x000000000000020e                twi_readNak

.text.exit      0x0000000000000224       0x16
 .text.exit     0x0000000000000224       0x16 c:/program files/microchip/xc8/v2.36/avr/bin/../lib/gcc/avr/5.4.0/../../../../avr/lib/avr5/memx-const\libc.a(exit.o)
                0x0000000000000224                exit

.text.twi_stop  0x000000000000023a       0x12
 .text.twi_stop
                0x000000000000023a       0x12 build/default/debug/setup_TWI.o
                0x000000000000023a                twi_stop

.text.twi_init  0x000000000000024c        0xc
 .text.twi_init
                0x000000000000024c        0xc build/default/debug/setup_TWI.o
                0x000000000000024c                twi_init

.text.twi_rep_start
                0x0000000000000258        0x6
 .text.twi_rep_start
                0x0000000000000258        0x6 build/default/debug/setup_TWI.o
                0x0000000000000258                twi_rep_start

.text           0x000000000000025e        0x4
 .text          0x000000000000025e        0x4 C:/Program Files/Microchip/MPLABX/v6.10/packs/Microchip/ATmega_DFP/3.0.158/xc8/avr/lib/avr5/memx-const/crtatmega328pb.o
                0x000000000000025e                __vector_38
                0x000000000000025e                __vector_22
                0x000000000000025e                __vector_28
                0x000000000000025e                __vector_1
                0x000000000000025e                __vector_32
                0x000000000000025e                __vector_34
                0x000000000000025e                __vector_24
                0x000000000000025e                __vector_12
                0x000000000000025e                __bad_interrupt
                0x000000000000025e                __vector_6
                0x000000000000025e                __vector_31
                0x000000000000025e                __vector_35
                0x000000000000025e                __vector_39
                0x000000000000025e                __vector_3
                0x000000000000025e                __vector_23
                0x000000000000025e                __vector_30
                0x000000000000025e                __vector_25
                0x000000000000025e                __vector_11
                0x000000000000025e                __vector_13
                0x000000000000025e                __vector_17
                0x000000000000025e                __vector_19
                0x000000000000025e                __vector_7
                0x000000000000025e                __vector_41
                0x000000000000025e                __vector_43
                0x000000000000025e                __vector_27
                0x000000000000025e                __vector_5
                0x000000000000025e                __vector_33
                0x000000000000025e                __vector_37
                0x000000000000025e                __vector_4
                0x000000000000025e                __vector_44
                0x000000000000025e                __vector_9
                0x000000000000025e                __vector_2
                0x000000000000025e                __vector_21
                0x000000000000025e                __vector_15
                0x000000000000025e                __vector_36
                0x000000000000025e                __vector_29
                0x000000000000025e                __vector_40
                0x000000000000025e                __vector_8
                0x000000000000025e                __vector_26
                0x000000000000025e                __vector_14
                0x000000000000025e                __vector_10
                0x000000000000025e                __vector_16
                0x000000000000025e                __vector_18
                0x000000000000025e                __vector_20
                0x000000000000025e                __vector_42

.text._Exit     0x0000000000000262        0x4
 .text._Exit    0x0000000000000262        0x4 c:/program files/microchip/xc8/v2.36/avr/bin/../lib/gcc/avr/5.4.0/../../../../avr/lib/avr5/memx-const\libc.a(_Exit.o)
                0x0000000000000262                _Exit

.text.__dummy_fini
                0x0000000000000266        0x2
 .text.__dummy_fini
                0x0000000000000266        0x2 c:/program files/microchip/xc8/v2.36/avr/bin/../lib/gcc/avr/5.4.0/../../../../avr/lib/avr5/memx-const\libc.a(exit.o)
                0x0000000000000266                _fini

.text.__dummy_funcs_on_exit
                0x0000000000000268        0x2
 .text.__dummy_funcs_on_exit
                0x0000000000000268        0x2 c:/program files/microchip/xc8/v2.36/avr/bin/../lib/gcc/avr/5.4.0/../../../../avr/lib/avr5/memx-const\libc.a(exit.o)
                0x0000000000000268                __funcs_on_exit

.text.__dummy_simulator_exit
                0x000000000000026a        0x2
 .text.__dummy_simulator_exit
                0x000000000000026a        0x2 c:/program files/microchip/xc8/v2.36/avr/bin/../lib/gcc/avr/5.4.0/../../../../avr/lib/avr5/memx-const\libc.a(exit.o)
                0x000000000000026a                __simulator_exit
